
> specmatch@0.1.0 build
> next build

  Γû▓ Next.js 14.2.35

   Creating an optimized production build ...
 Γ£ô Compiled successfully
   Linting and checking validity of types ...
node.exe : 
At line:1 char:1
+ & "C:\Program 
Files\nodejs/node.exe" 
"C:\Users\harsh 
uppal\AppData\Ro ...
+ ~~~~~~~~~~~~~~~~~~~~~
~~~~~~~~~~~~~~~~~~~~~~~
~~~~~~~~~~~~~~~~~~~~~~~
~~
    + CategoryInfo     
         : NotSpecifi  
  ed: (:String) [],    
 RemoteException
    + FullyQualifiedEr 
   rorId : NativeComm  
  andError
 
Failed to compile.

./app/profile/page.jsx
61:17  Warning: Using 
`<img>` could result 
in slower LCP and 
higher bandwidth. 
Consider using `<Image 
/>` from `next/image` 
to automatically 
optimize images. This 
may incur additional 
usage or cost from 
your provider. See: htt
ps://nextjs.org/docs/me
ssages/no-img-element  
@next/next/no-img-eleme
nt

./app/results/laptop/pa
ge.jsx
82:15  Warning: Using 
`<img>` could result 
in slower LCP and 
higher bandwidth. 
Consider using `<Image 
/>` from `next/image` 
to automatically 
optimize images. This 
may incur additional 
usage or cost from 
your provider. See: htt
ps://nextjs.org/docs/me
ssages/no-img-element  
@next/next/no-img-eleme
nt

./app/results/smartphon
e/page.jsx
82:15  Warning: Using 
`<img>` could result 
in slower LCP and 
higher bandwidth. 
Consider using `<Image 
/>` from `next/image` 
to automatically 
optimize images. This 
may incur additional 
usage or cost from 
your provider. See: htt
ps://nextjs.org/docs/me
ssages/no-img-element  
@next/next/no-img-eleme
nt

./app/wizard/laptop/pag
e.jsx
149:94  Error: `'` can 
be escaped with 
`&apos;`, `&lsquo;`, 
`&#39;`, `&rsquo;`.  re
act/no-unescaped-entiti
es

./app/wizard/pc-builder
/page.jsx
153:98  Error: `'` can 
be escaped with 
`&apos;`, `&lsquo;`, 
`&#39;`, `&rsquo;`.  re
act/no-unescaped-entiti
es

./app/wizard/smartphone
/page.jsx
167:94  Error: `'` can 
be escaped with 
`&apos;`, `&lsquo;`, 
`&#39;`, `&rsquo;`.  re
act/no-unescaped-entiti
es

info  - Need to 
disable some ESLint 
rules? Learn more 
here: https://nextjs.or
g/docs/basic-features/e
slint#disabling-rules
